ets Jul 29 2019 12:21:46

rst:0x1 (POWERON_RESET),boot:0x13 (SPI_FAST_FLASH_BOOT)
configsip: 0, SPIWP:0xee
clk_drv:0x00,q_drv:0x00,d_drv:0x00,cs0_drv:0x00,hd_drv:0x00,wp_drv:0x00
mode:DIO, clock div:2
load:0x3fff0030,len:7132
ho 0 tail 12 room 4
load:0x40078000,len:15672
ho 0 tail 12 room 4
load:0x40080400,len:4
load:0x40080404,len:3884
entry 0x40080650
[0;32mI (33) boot: ESP-IDF v5.2-dev-1128-g03d4fa2869-dirty 2nd stage bootloader[0m
[0;32mI (33) boot: compile time Oct  3 2023 15:15:39[0m
[0;32mI (35) boot: Multicore bootloader[0m
[0;32mI (39) boot: chip revision: v3.1[0m
[0;32mI (43) boot.esp32: SPI Speed      : 40MHz[0m
[0;32mI (48) boot.esp32: SPI Mode       : DIO[0m
[0;32mI (52) boot.esp32: SPI Flash Size : 4MB[0m
[0;32mI (57) boot: Enabling RNG early entropy source...[0m
[0;32mI (62) boot: Partition Table:[0m
[0;32mI (66) boot: ## Label            Usage          Type ST Offset   Length[0m
[0;32mI (73) boot:  0 nvs              WiFi data        01 02 00009000 00006000[0m
[0;32mI (81) boot:  1 phy_init         RF data          01 01 0000f000 00001000[0m
[0;32mI (88) boot:  2 factory          factory app      00 00 00010000 00100000[0m
[0;32mI (96) boot: End of partition table[0m
[0;32mI (100) esp_image: segment 0: paddr=00010020 vaddr=3f400020 size=20708h (132872) map[0m
[0;32mI (156) esp_image: segment 1: paddr=00030730 vaddr=3ffb0000 size=03700h ( 14080) load[0m
[0;32mI (162) esp_image: segment 2: paddr=00033e38 vaddr=40080000 size=0c1e0h ( 49632) load[0m
[0;32mI (183) esp_image: segment 3: paddr=00040020 vaddr=400d0020 size=7dadch (514780) map[0m
[0;32mI (369) esp_image: segment 4: paddr=000bdb04 vaddr=4008c1e0 size=09f90h ( 40848) load[0m
[0;32mI (397) boot: Loaded app from partition at offset 0x10000[0m
[0;32mI (398) boot: Disabling RNG early entropy source...[0m
[0;32mI (409) cpu_start: Multicore app[0m
[0;32mI (409) cpu_start: Pro cpu up.[0m
[0;32mI (409) cpu_start: Starting app cpu, entry point is 0x4008129c[0m
[0;32mI (0) cpu_start: App cpu up.[0m
[0;32mI (427) cpu_start: Pro cpu start user code[0m
[0;32mI (427) cpu_start: cpu freq: 240000000 Hz[0m
[0;32mI (427) cpu_start: Application information:[0m
[0;32mI (432) cpu_start: Project name:     ESP_Send[0m
[0;32mI (437) cpu_start: App version:      610de77[0m
[0;32mI (442) cpu_start: Compile time:     Oct  3 2023 15:18:04[0m
[0;32mI (448) cpu_start: ELF file SHA256:  a05b00737...[0m
[0;32mI (453) cpu_start: ESP-IDF:          v5.2-dev-1128-g03d4fa2869-dirty[0m
[0;32mI (461) cpu_start: Min chip rev:     v0.0[0m
[0;32mI (465) cpu_start: Max chip rev:     v3.99 [0m
[0;32mI (470) cpu_start: Chip rev:         v3.1[0m
[0;32mI (475) heap_init: Initializing. RAM available for dynamic allocation:[0m
[0;32mI (482) heap_init: At 3FFAE6E0 len 00001920 (6 KiB): DRAM[0m
[0;32mI (488) heap_init: At 3FFB77B0 len 00028850 (162 KiB): DRAM[0m
[0;32mI (494) heap_init: At 3FFE0440 len 00003AE0 (14 KiB): D/IRAM[0m
[0;32mI (501) heap_init: At 3FFE4350 len 0001BCB0 (111 KiB): D/IRAM[0m
[0;32mI (507) heap_init: At 40096170 len 00009E90 (39 KiB): IRAM[0m
[0;32mI (515) spi_flash: detected chip: generic[0m
[0;32mI (518) spi_flash: flash io: dio[0m
[0;32mI (523) app_start: Starting scheduler on CPU0[0m
[0;32mI (527) app_start: Starting scheduler on CPU1[0m
[0;32mI (527) main_task: Started on CPU0[0m
[0;32mI (537) main_task: Calling app_main()[0m
I (587) wifi:wifi driver task: 3ffc022c, prio:23, stack:6656, core=0
I (597) wifi:wifi firmware version: 6a2a12b
I (597) wifi:wifi certification version: v7.0
I (597) wifi:config NVS flash: enabled
I (597) wifi:config nano formating: disabled
I (607) wifi:Init data frame dynamic rx buffer num: 32
I (607) wifi:Init management frame dynamic rx buffer num: 32
I (617) wifi:Init management short buffer num: 32
I (617) wifi:Init dynamic tx buffer num: 32
I (627) wifi:Init static rx buffer size: 1600
I (627) wifi:Init static rx buffer num: 10
I (637) wifi:Init dynamic rx buffer num: 32
[0;32mI (637) wifi_init: rx ba win: 6[0m
[0;32mI (637) wifi_init: tcpip mbox: 32[0m
[0;32mI (647) wifi_init: udp mbox: 6[0m
[0;32mI (647) wifi_init: tcp mbox: 6[0m
[0;32mI (647) wifi_init: tcp tx win: 5744[0m
[0;32mI (657) wifi_init: tcp rx win: 5744[0m
[0;32mI (657) wifi_init: tcp mss: 1440[0m
[0;32mI (667) wifi_init: WiFi IRAM OP enabled[0m
[0;32mI (667) wifi_init: WiFi RX IRAM OP enabled[0m
[0;32mI (677) phy_init: phy_version 4670,719f9f6,Feb 18 2021,17:07:07[0m
I (777) wifi:mode : sta (b0:b2:1c:a8:84:44)
I (777) wifi:enable tsf
I (777) ESPNOW: espnow [version: 1.0] init
[0;32mI (777) main_task: Returned from app_main()[0m
ets Jul 2ï¿½ets Jul 29 2019 12:21:46
ï¿½ets Juï¿½ets Jul 29 2019 12:21:46

rst:0x1 (POWERON_RESET),boot:0x17 (SPI_FAST_FLASH_BOOT)
configsip: 0, SPIWP:0xee
clk_drv:0x00,q_drv:0x00,d_drv:0x00,cs0_drv:0x00,hd_drv:0x00,wp_drv:0x00
mode:DIO, clock div:2
load:0x3fff0030,len:7132
ho 0 tail 12 room 4
load:0x40078000,len:15672
ho 0 tail 12 room 4
load:0x40080400,len:4
load:0x40080404,len:3884
entry 0x40080650
[0;32mI (33) boot: ESP-IDF v5.2-dev-1128-g03d4fa2869-dirty 2nd stage bootloader[0m
[0;32mI (33) boot: compile time Oct  3 2023 15:15:39[0m
[0;32mI (35) boot: Multicore bootloader[0m
[0;32mI (39) boot: chip revision: v3.1[0m
[0;32mI (43) boot.esp32: SPI Speed      : 40MHz[0m
[0;32mI (48) boot.esp32: SPI Mode       : DIO[0m
[0;32mI (52) boot.esp32: SPI Flash Size : 4MB[0m
[0;32mI (57) boot: Enabling RNG early entropy source...[0m
[0;32mI (62) boot: Partition Table:[0m
[0;32mI (66) boot: ## Label            Usage          Type ST Offset   Length[0m
[0;32mI (73) boot:  0 nvs              WiFi data        01 02 00009000 00006000[0m
[0;32mI (81) boot:  1 phy_init         RF data          01 01 0000f000 00001000[0m
[0;3ets Jul 29 2019 12:21:46

rst:0x1 (POWERON_RESET),boot:0x17 (SPI_FAST_FLASH_BOOT)
configsip: 0, SPIWP:0xee
clk_drv:0x00,q_drv:0x00,d_drv:0x00,cs0_drv:0x00,hd_drv:0x00,wp_drv:0x00
mode:DIO, clock div:2
load:0x3fff0030,len:7132
ho 0 tail 12 room 4
load:0x40078000,len:15672
ho 0 tail 12 room 4
load:0x40080400,len:4
load:0x40080404,len:3884
entry 0x40080650
[0;32mI (33) boot: ESP-IDF v5.2-dev-1128-g03d4fa2869-dirty 2nd stage bootloader[0m
[0;32mI (33) boot: compile time Oct  3 2023 15:15:39[0m
[0;32mI (35) boot: Multicore bootloader[0m
[0;32mI (39) boot: chip revision: v3.1[0m
[0;32mI (43) boot.esp32: SPI Speed      : 40MHz[0m
[0;32mI (48) boot.esp32: SPI Mode       : DIO[0m
[0;32mI (52) boot.esp32: SPI Flash Size : 4MB[0m
[0;32mI (57) boot: Enabling RNG early entropy source...[0m
[0;32mI (62) boot: Partition Table:[0m
[0;32mI (66) boot: ## Label            Usage          Type ST Offset   Length[0m
[0;32mI (73) boot:  0 nvs              WiFi data        01 02 00009000 00006000[0m
[0;32mI (81) boot:  1 phy_init         RF data          01 01 0000f000 00001000[0m
[0;32mI (88) boot:  2 factory          factory app      00 00 00010000 00100000[0m
[0;32mI (96) boot: End of partition table[0m
[0;32mI (100) esp_image: segment 0: paddr=00010020 vaddr=3f400020 size=20708h (132872) map[0m
[0;32mI (156) esp_image: segment 1: paddr=00030730 vaddr=3ffb0000 size=03700h ( 14080) load[0m
[0;32mI (162) esp_image: segment 2: paddr=00033e38 vaddr=40080000 size=0c1e0h ( 49632) load[0m
[0;32mI (183) esp_image: segment 3: paddr=00040020 vaddr=400d0020 size=7dadch (514780) map[0m
[0;32mI (369) esp_image: segment 4: paddr=000bdb04 vaddr=4008c1e0 size=09f90h ( 40848) load[0m
[0;32mI (397) boot: Loaded app from partition at offset 0x10000[0m
[0;32mI (398) boot: Disabling RNG early entropy source...[0m
[0;32mI (409) cpu_start: Multicore app[0m
[0;32mI (409) cpu_start: Pro cpu up.[0m
[0;32mI (409) cpu_start: Starting app cpu, entry point is 0x4008129c[0m
[0;32mI (0) cpu_start: App cpu up.[0m
[0;32mI (427) cpu_start: Pro cpu start user code[0m
[0;32mI (427) cpu_start: cpu freq: 240000000 Hz[0m
[0;32mI (427) cpu_start: Application information:[0m
[0;32mI (432) cpu_start: Project name:     ESP_Send[0m
[0;32mI (437) cpu_start: App version:      610de77[0m
[0;32mI (442) cpu_start: Compile time:     Oct  3 2023 15:18:04[0m
[0;32mI (448) cpu_start: ELF file SHA256:  a05b00737...[0m
[0;32mI (453) cpu_start: ESP-IDF:          v5.2-dev-1128-g03d4fa2869-dirty[0m
[0;32mI (461) cpu_start: Min chip rev:     v0.0[0m
[0;32mI (465) cpu_start: Max chip rev:     v3.99 [0m
[0;32mI (470) cpu_start: Chip rev:         v3.1[0m
[0;32mI (475) heap_init: Initializing. RAM available for dynamic allocation:[0m
[0;32mI (482) heap_init: At 3FFAE6E0 len 00001920 (6 KiB): DRAM[0m
[0;32mI (488) heap_init: At 3FFB77B0 len 00028850 (162 KiB): DRAM[0m
[0;32mI (494) heap_init: At 3FFE0440 len 00003AE0 (14 KiB): D/IRAM[0m
[0;32mI (501) heap_init: At 3FFE4350 len 0001BCB0 (111 KiB): D/IRAM[0m
[0;32mI (507) heap_init: At 40096170 len 00009E90 (39 KiB): IRAM[0m
[0;32mI (515) spi_flash: detected chip: generic[0m
[0;32mI (518) spi_flash: flash io: dio[0m
[0;32mI (523) app_start: Starting scheduler on CPU0[0m
[0;32mI (527) app_start: Starting scheduler on CPU1[0m
[0;32mI (527) main_task: Started on CPU0[0m
[0;32mI (537) main_task: Calling app_main()[0m
I (587) wifi:wifi driver task: 3ffc022c, prio:23, stack:6656, core=0
I (597) wifi:wifi firmware version: 6a2a12b
I (597) wifi:wifi certification version: v7.0
I (597) wifi:config NVS flash: enabled
I (597) wifi:config nano formating: disabled
I (607) wifi:Init data frame dynamic rx buffer num: 32
I (607) wifi:Init management frame dynamic rx buffer num: 32
I (617) wifi:Init management short buffer num: 32
I (617) wifi:Init dynamic tx buffer num: 32
I (627) wifi:Init static rx buffer size: 1600
I (627) wifi:Init static rx buffer num: 10
I (637) wifi:Init dynamic rx buffer num: 32
[0;32mI (637) wifi_init: rx ba win: 6[0m
[0;32mI (637) wifi_init: tcpip mbox: 32[0m
[0;32mI (647) wifi_init: udp mbox: 6[0m
[0;32mI (647) wifi_init: tcp mbox: 6[0m
[0;32mI (647) wifi_init: tcp tx win: 5744[0m
[0;32mI (657) wifi_init: tcp rx win: 5744[0m
[0;32mI (657) wifi_init: tcp mss: 1440[0m
[0;32mI (667) wifi_init: WiFi IRAM OP enabled[0m
[0;32mI (667) wifi_init: WiFi RX IRAM OP enabled[0m
[0;32mI (677) phy_init: phy_version 4670,719f9f6,Feb 18 2021,17:07:07[0m
I (777) wifi:mode : sta (b0:b2:1c:a8:84:44)
I (777) wifi:enable tsf
I (777) ESPNOW: espnow [version: 1.0] init
[0;32mI (777) main_task: Returned from app_main()[0m
